# Changelog

All notable changes to this project will be documented in this file. See [convention-change-log](https://github.com/convention-change/convention-change-log) for commit guidelines.

## 1.0.0 (2020-01-18)

### Bug Fixes

* fix: new fix

* fix: wrong color

### Features

* feat: new feature

* feat: support new client

### Miscellaneous

* unleash the dragon
