# Changelog

All notable changes to this project will be documented in this file. See [convention-change-log](https://github.com/convention-change/convention-change-log) for commit guidelines.

## [1.0.0](https://github.com/convention-change/convention-change-log/compare/v1.0.1...v1.1.0) (2020-01-18)

### Features

- feat: new feature

### Bug Fixes

- fix: new fix
