{
  "RawHeader": "new api (0001-01-01) [a1b2c3d4](https://github.com/convention-change/convention-change-log/commit/a1b2c3d4e5f6a1b2c3d4e5f6a1b2c3d4e5f6a1b2)",
  "Type": "feat",
  "Scope": "",
  "BreakingChanges": {
    "Describe": "this is describe of new api breaking changes",
    "IssueReference": "fix",
    "IssuePrefix": "#",
    "IssueReferencesId": 1
  }
}